error: The `#[spec]` attribute doesn't yet support this item: `struct`.
       If this is a problem for your use case, please open a feature
       request at https://github.com/mkovaxx/anodized/issues/new
 --> tests/compile-fail/spec-on-struct.rs:4:1
  |
4 | struct S;
  | ^^^^^^^^^
